// Jest Snapshot v1, https://goo.gl/fbAQLP

exports[`double_expression.html.test 1`] = `
====================================options=====================================
parsers: ["test"]
printWidth: 80
                                                                                | printWidth
=====================================input======================================
<% %>



<% %>

=====================================output=====================================
<% %>

<% %>

================================================================================
`;
